define('text!components/profiling/tv-genere-selector/sd-tv-genere-selector.html',[],function () { return '<!-- Module (Grid): Tv Genre Selector -->\r\n\r\n<div class="mod-tv-genre-selector">\r\n    <h3 data-i18n="simple.heading">Simple</h3>\r\n    <div data-bind="foreach: genres">\r\n        <button class="btn btn-primary" data-bind="text: $data"></button>\r\n    </div>\r\n</div>';});
